Java HotSpot(TM) 64-Bit Server VM (25.91-b14) for windows-amd64 JRE (1.8.0_91-b14), built on Apr  1 2016 00:58:32 by "java_re" with MS VC++ 10.0 (VS2010)
Memory: 4k page, physical 16505016k(10964244k free), swap 33282232k(25757240k free)
CommandLine flags: -XX:InitialHeapSize=536870912 -XX:MaxHeapSize=536870912 -XX:NewRatio=3 -XX:+PrintGC -XX:+PrintGCDetails -XX:+PrintGCTimeStamps -XX:+UseCompressedClassPointers -XX:+UseCompressedOops -XX:-UseLargePagesIndividualAllocation -XX:+UseParallelGC 
10.203: [GC (Allocation Failure) [PSYoungGen: 42519K->368K(114688K)] 195107K->152963K(507904K), 0.0069173 secs] [Times: user=0.03 sys=0.00, real=0.01 secs] 
10.210: [GC (Allocation Failure) [PSYoungGen: 368K->384K(114688K)] 152963K->152979K(507904K), 0.0036595 secs] [Times: user=0.00 sys=0.00, real=0.00 secs] 
10.214: [Full GC (Allocation Failure) [PSYoungGen: 384K->0K(114688K)] [ParOldGen: 152595K->294K(393216K)] 152979K->294K(507904K), [Metaspace: 2512K->2512K(1056768K)], 0.0168208 secs] [Times: user=0.06 sys=0.00, real=0.02 secs] 
10.231: [GC (Allocation Failure) [PSYoungGen: 0K->0K(114688K)] 294K->294K(507904K), 0.0006373 secs] [Times: user=0.00 sys=0.00, real=0.00 secs] 
10.232: [Full GC (Allocation Failure) [PSYoungGen: 0K->0K(114688K)] [ParOldGen: 294K->282K(393216K)] 294K->282K(507904K), [Metaspace: 2512K->2512K(1056768K)], 0.0116054 secs] [Times: user=0.02 sys=0.00, real=0.01 secs] 
Heap
 PSYoungGen      total 114688K, used 2949K [0x00000000f8000000, 0x0000000100000000, 0x0000000100000000)
  eden space 98304K, 3% used [0x00000000f8000000,0x00000000f82e1608,0x00000000fe000000)
  from space 16384K, 0% used [0x00000000fe000000,0x00000000fe000000,0x00000000ff000000)
  to   space 16384K, 0% used [0x00000000ff000000,0x00000000ff000000,0x0000000100000000)
 ParOldGen       total 393216K, used 282K [0x00000000e0000000, 0x00000000f8000000, 0x00000000f8000000)
  object space 393216K, 0% used [0x00000000e0000000,0x00000000e0046880,0x00000000f8000000)
 Metaspace       used 2542K, capacity 4486K, committed 4864K, reserved 1056768K
  class space    used 284K, capacity 386K, committed 512K, reserved 1048576K
